# HELP app_my_default_gauge 
# TYPE app_my_default_gauge gauge
app_my_default_gauge 123.45
