# HELP app_my_alternative_gauge 
# TYPE app_my_alternative_gauge gauge
app_my_alternative_gauge 123.45
